root@16af1698cc6b:/# hive
SLF4J: Class path contains multiple SLF4J bindings.
SLF4J: Found binding in [jar:file:/usr/local/apache-hive-3.1.2-bin/lib/log4j-slf4j-impl-2.10.0.jar!/org/slf4j/impl/StaticLoggerBinder.class]
SLF4J: Found binding in [jar:file:/usr/local/hadoop-3.3.1/share/hadoop/common/lib/slf4j-log4j12-1.7.30.jar!/org/slf4j/impl/StaticLoggerBinder.class]
SLF4J: See http://www.slf4j.org/codes.html#multiple_bindings for an explanation.
SLF4J: Actual binding is of type [org.apache.logging.slf4j.Log4jLoggerFactory]
Hive Session ID = 81ba78cf-03b3-4a9b-92dd-5973a6b4a27b

Logging initialized using configuration in jar:file:/usr/local/apache-hive-3.1.2-bin/lib/hive-common-3.1.2.jar!/hive-log4j2.properties Async: true
Hive Session ID = d5e599bb-f232-44cb-b960-8b58692c32dd
Hive-on-MR is deprecated in Hive 2 and may not be available in the future versions. Consider using a different execution engine (i.e. spark, tez) or using Hive 1.X releases.
hive> CREATE TABLE episodeVI (name STRING, line STRING) ROW FORMAT DELIMITED FIELDS TERMINATED BY '\t' TBLPROPERTIES ("skip.header.line.count"="2");
OK
Time taken: 3.535 seconds
hive> LOAD DATA LOCAL INPATH '/episodeVI_dialouges.txt' INTO TABLE episodeVI;
Loading data to table default.episodevi
OK
Time taken: 2.03 seconds
hive> SELECT name,COUNT(name) AS no_of_lines FROM episodeVI GROUP BY name ORDER BY no_of_lines;
Query ID = root_20220406022843_794c60f9-5073-449f-a875-28bf5a29fdb3
Total jobs = 2
Launching Job 1 out of 2
Number of reduce tasks not specified. Estimated from input data size: 1
In order to change the average load for a reducer (in bytes):
  set hive.exec.reducers.bytes.per.reducer=<number>
In order to limit the maximum number of reducers:
  set hive.exec.reducers.max=<number>
In order to set a constant number of reducers:
  set mapreduce.job.reduces=<number>
Starting Job = job_1649210845824_0005, Tracking URL = http://16af1698cc6b:8088/proxy/application_1649210845824_0005/
Kill Command = /usr/local/hadoop/bin/mapred job  -kill job_1649210845824_0005
Hadoop job information for Stage-1: number of mappers: 1; number of reducers: 1
2022-04-06 02:29:10,310 Stage-1 map = 0%,  reduce = 0%
2022-04-06 02:29:20,526 Stage-1 map = 100%,  reduce = 0%, Cumulative CPU 6.51 sec
2022-04-06 02:29:30,352 Stage-1 map = 100%,  reduce = 100%, Cumulative CPU 11.87 sec
MapReduce Total cumulative CPU time: 11 seconds 870 msec
Ended Job = job_1649210845824_0005
Launching Job 2 out of 2
Number of reduce tasks determined at compile time: 1
In order to change the average load for a reducer (in bytes):
  set hive.exec.reducers.bytes.per.reducer=<number>
In order to limit the maximum number of reducers:
  set hive.exec.reducers.max=<number>
In order to set a constant number of reducers:
  set mapreduce.job.reduces=<number>
Starting Job = job_1649210845824_0006, Tracking URL = http://16af1698cc6b:8088/proxy/application_1649210845824_0006/
Kill Command = /usr/local/hadoop/bin/mapred job  -kill job_1649210845824_0006
Hadoop job information for Stage-2: number of mappers: 1; number of reducers: 1
2022-04-06 02:29:53,758 Stage-2 map = 0%,  reduce = 0%
2022-04-06 02:30:03,505 Stage-2 map = 100%,  reduce = 0%, Cumulative CPU 5.95 sec
2022-04-06 02:30:13,129 Stage-2 map = 100%,  reduce = 100%, Cumulative CPU 11.29 sec
MapReduce Total cumulative CPU time: 11 seconds 290 msec
Ended Job = job_1649210845824_0006
MapReduce Jobs Launched:
Stage-Stage-1: Map: 1  Reduce: 1   Cumulative CPU: 11.87 sec   HDFS Read: 55764 HDFS Write: 4792 SUCCESS
Stage-Stage-2: Map: 1  Reduce: 1   Cumulative CPU: 11.29 sec   HDFS Read: 12312 HDFS Write: 4253 SUCCESS
Total MapReduce CPU Time Spent: 23 seconds 160 msec
OK
YODA (tickled, chuckles)        1
YODA (shakes his head)  1
YODA (gathering all his strength)       1
Y-WING PILOT    1
WEDGE (VO)      1
WALKER PILOT #1 1
VOICE (OS)      1
VADER (turning to face him)     1
VADER (skeptical)       1
VADER (indicating lightsaber)   1
VADER (bows)    1
VADER (after a beat)    1
VADER (a whisper)       1
THREEPIO (to Wicket)    1
THREEPIO (to Artoo)     1
THREEPIO (still shaken) 1
THREEPIO (instantly)    1
THREEPIO (disappearing) 1
THREEPIO (cont) 1
STRANGE VOICE   1
STORMTROOPER (OS)       1
SECOND COMMANDER        1
SCOUT #l        1
SCOUT #2        1
SCOUT   1
RED TWO 1
RED THREE       1
RED LEADER (VO) 1
PILOT VOICE (HAN)(filtered)     1
PILOT #2        1
PILOT   1
PIETT (surprised)       1
PIETT (into comlink)    1
OPERATOR        1
OOLA    1
OFFICER 1
NINEDENINE (to a Gamorrean guard)       1
NAVIGATOR       1
MON MOTHMA (cont)       1
LURE    1
LUKE (with sadness)     1
LUKE (turning away, derisive)   1
LUKE (to Leia)  1
LUKE (shrugging it off) 1
LUKE (sarcastic)        1
LUKE (pointing to the controls) 1
LUKE (moving to his ship)       1
LUKE (indicating the one ahead) 1
LUKE (hesitant) 1
LUKE (groans)   1
LUKE (cont)     1
LUKE (concerned)        1
LEIA (to Han)   1
LEIA (softly)   1
LEIA (over comlink)     1
LEIA (into comlink)     1
LEIA (alarmed)  1
LANDO (to himself)      1
LANDO (smiling) 1
LANDO (over comlink)    1
LANDO (into comlink)    1
LANDO (desperately)     1
JERJERROD (aghast)      1
JABBA (cont Huttese subtitled)  1
HAN/PILOT (VO)  1
HAN and LUKE    1
HAN (with self-confident grin)  1
HAN (whispering to himself)     1
HAN (turning to Luke)   1
HAN (to Luke)   1
HAN (to Leia)   1
HAN (smiles)    1
HAN (sighs)     1
HAN (sarcastic) 1
HAN (over comlink)      1
HAN (loses his temper)  1
HAN (looks at him warmly)       1
HAN (grins)     1
HAN (gravely)   1
HAN (chuckles)  1
HAN (blinking)  1
HAN (angry)     1
HAN (OS)        1
GREEN LEADER    1
GRAY LEADER     1
EMPEROR (very cool)     1
EMPEROR (to Vader)      1
EMPEROR (to Luke)       1
EMPEROR (no surprise)   1
EMPEROR (laughs)        1
EMPEROR (laughing)      1
EMPEROR (cont)  1
EMPEROR (angry) 1
DEATH STAR CONTROLLER(filtered VO)      1
CONTROLLER (filtered)   1
CONTROL ROOM COMMANDER  1
BUNKER COMMANDER        1
BIB (in Huttese subtitled)      1
BEN (grinning at Luke's indignation)    1
BEN (continuing his narrative)  1
BEN (attempting to give solace with his words)  1
BEN (OS)        1
ANAKIN (very weak)      1
ANAKIN  1
ACKBAR (cont)   1
GENERAL MADINE  2
CONTROLLER (over radio) 2
ACKBAR (VO)     2
BOUSHH (in Ubese subtitled)     2
CONTROLLER      2
MON MOTHMA      2
GUARD   2
SHUTTLE CAPTAIN 2
SCOUT #1        2
HAN (cont)      3
REBEL PILOT     3
JABBA   4
BIB     5
BOUSHH  5
NINEDENINE      5
STORMTROOPER    5
JERJERROD       6
PIETT   6
COMMANDER       7
YODA    10
WEDGE   10
ACKBAR  11
BEN     14
JABBA (in Huttese subtitled)    15
EMPEROR 31
LANDO   35
VADER   37
LEIA    51
THREEPIO        84
LUKE    100
HAN     104
Time taken: 91.9 seconds, Fetched: 136 row(s)
hive>
hive> INSERT OVERWRITE DIRECTORY '/user/root/output/export' ROW FORMAT DELIMITED FIELDS TERMINATED BY ',' SELECT name, count(name) AS no_of_lines from episodeV GROUP BY name ORDER BY no_of_lines;
Query ID = root_20220406023237_356314ad-96ab-4b02-8e11-7a391f581844
Total jobs = 2
Launching Job 1 out of 2
Number of reduce tasks not specified. Estimated from input data size: 1
In order to change the average load for a reducer (in bytes):
  set hive.exec.reducers.bytes.per.reducer=<number>
In order to limit the maximum number of reducers:
  set hive.exec.reducers.max=<number>
In order to set a constant number of reducers:
  set mapreduce.job.reduces=<number>
Starting Job = job_1649210845824_0007, Tracking URL = http://16af1698cc6b:8088/proxy/application_1649210845824_0007/
Kill Command = /usr/local/hadoop/bin/mapred job  -kill job_1649210845824_0007
Hadoop job information for Stage-1: number of mappers: 1; number of reducers: 1
2022-04-06 02:32:58,101 Stage-1 map = 0%,  reduce = 0%
2022-04-06 02:33:09,984 Stage-1 map = 100%,  reduce = 0%, Cumulative CPU 7.56 sec
2022-04-06 02:33:21,799 Stage-1 map = 100%,  reduce = 100%, Cumulative CPU 13.21 sec
MapReduce Total cumulative CPU time: 13 seconds 210 msec
Ended Job = job_1649210845824_0007
Launching Job 2 out of 2
Number of reduce tasks determined at compile time: 1
In order to change the average load for a reducer (in bytes):
  set hive.exec.reducers.bytes.per.reducer=<number>
In order to limit the maximum number of reducers:
  set hive.exec.reducers.max=<number>
In order to set a constant number of reducers:
  set mapreduce.job.reduces=<number>
Starting Job = job_1649210845824_0008, Tracking URL = http://16af1698cc6b:8088/proxy/application_1649210845824_0008/
Kill Command = /usr/local/hadoop/bin/mapred job  -kill job_1649210845824_0008
Hadoop job information for Stage-2: number of mappers: 1; number of reducers: 1
2022-04-06 02:33:46,262 Stage-2 map = 0%,  reduce = 0%
2022-04-06 02:33:56,066 Stage-2 map = 100%,  reduce = 0%, Cumulative CPU 5.72 sec
2022-04-06 02:34:07,884 Stage-2 map = 100%,  reduce = 100%, Cumulative CPU 11.59 sec
MapReduce Total cumulative CPU time: 11 seconds 590 msec
Ended Job = job_1649210845824_0008
Moving data to directory /user/root/output/export
MapReduce Jobs Launched:
Stage-Stage-1: Map: 1  Reduce: 1   Cumulative CPU: 13.21 sec   HDFS Read: 61985 HDFS Write: 1530 SUCCESS
Stage-Stage-2: Map: 1  Reduce: 1   Cumulative CPU: 11.59 sec   HDFS Read: 8636 HDFS Write: 646 SUCCESS
Total MapReduce CPU Time Spent: 24 seconds 800 msec
OK
Time taken: 91.956 seconds
hive>
hive> dfs -ls /user/root/output/
    > dfs -ls /user/root/output/;
ls: `/user/root/output/
ls: `-ls': No such file or directory
Found 1 items
drwxr-xr-x   - root supergroup          0 2022-04-06 02:34 /user/root/output/export
Command -ls /user/root/output/
dfs -ls /user/root/output/ failed with exit code = 1
Query returned non-zero code: 1, cause: null
hive> dfs -ls /user/root/output/export;
Found 1 items
-rw-r--r--   1 root supergroup        646 2022-04-06 02:34 /user/root/output/export/000000_0
hive> dfs -cat /user/root/output/export/000000_0;
FIRST CONTROLLER,1
ASSISTANT OFFICER,1
WOMAN CONTROLLER,1
CAPTAIN,1
STRANGE VOICE,1
SECOND THREEPIO,1
SECOND OFFICER,1
SECOND CONTROLLER,1
REBEL FIGHTER,1
REBEL CAPTAIN,1
PILOTS,1
PILOT,1
OFFICER,1
MAN'S VOICE,1
IMPERIAL SOLDIER,1
HOBBIE,1
HEAD CONTROLLER,1
LIEUTENANT,2
TRACKING OFFICER,2
IMPERIAL OFFICER,2
MEDICAL DROID,2
SENIOR CONTROLLER,2
COMMUNICATIONS OFFICER,2
INTERCOM VOICE,2
DERLIN,3
TRENCH OFFICER,3
ANNOUNCER,3
CONTROLLER,3
BEN'S VOICE,4
DACK,4
JANSON,4
BOBA FETT,4
OZZEL,5
EMPEROR,5
NEEDA,5
ZEV,6
DECK OFFICER,7
VEERS,7
WEDGE,8
BEN,11
RIEEKAN,13
CREATURE,21
PIETT,23
YODA,36
VADER,56
LANDO,61
THREEPIO,92
LEIA,114
LUKE,128
HAN,182
hive>